// Jest Snapshot v1, https://goo.gl/fbAQLP

exports[`App.vue Snapshot has same HTML structure 1`] = `
<div class="todo-list">
  <h1 class="todo-list__header">Список дел</h1>
  <transition-stub enterfromclass="" enteractiveclass="fade" entertoclass="fade show" leaveactiveclass="fade" appear="false" persisted="false" css="true">
    <!---->
  </transition-stub>
  <form class="todo-list__add-form"><input type="text" autocomplete="off" placeholder="Новая задача"><button class="btn btn--add" type="button"><svg class="svg-inline--fa fa-plus" aria-hidden="true" focusable="false" data-prefix="fas" data-icon="plus" role="img" xmlns="http://www.w3.org/2000/svg" viewBox="0 0 448 512">
        <path class="" fill="currentColor" d="M256 80c0-17.7-14.3-32-32-32s-32 14.3-32 32V224H48c-17.7 0-32 14.3-32 32s14.3 32 32 32H192V432c0 17.7 14.3 32 32 32s32-14.3 32-32V288H400c17.7 0 32-14.3 32-32s-14.3-32-32-32H256V80z"></path>
      </svg></button></form>
  <ul>
    <li>
      <div class="todo-list__item todo-item"><input class="todo-item__checkbox" type="checkbox">
        <div class="todo-item__content"><label class="todo-item__label">Title1</label>
          <div class="todo-item__controls"><button class="btn btn--delete" type="button"><svg class="svg-inline--fa fa-trash-can" aria-hidden="true" focusable="false" data-prefix="fas" data-icon="trash-can" role="img" xmlns="http://www.w3.org/2000/svg" viewBox="0 0 448 512">
                <path class="" fill="currentColor" d="M135.2 17.7C140.6 6.8 151.7 0 163.8 0H284.2c12.1 0 23.2 6.8 28.6 17.7L320 32h96c17.7 0 32 14.3 32 32s-14.3 32-32 32H32C14.3 96 0 81.7 0 64S14.3 32 32 32h96l7.2-14.3zM32 128H416V448c0 35.3-28.7 64-64 64H96c-35.3 0-64-28.7-64-64V128zm96 64c-8.8 0-16 7.2-16 16V432c0 8.8 7.2 16 16 16s16-7.2 16-16V208c0-8.8-7.2-16-16-16zm96 0c-8.8 0-16 7.2-16 16V432c0 8.8 7.2 16 16 16s16-7.2 16-16V208c0-8.8-7.2-16-16-16zm96 0c-8.8 0-16 7.2-16 16V432c0 8.8 7.2 16 16 16s16-7.2 16-16V208c0-8.8-7.2-16-16-16z"></path>
              </svg></button></div>
        </div>
      </div>
    </li>
    <li>
      <div class="todo-list__item todo-item"><input class="todo-item__checkbox" type="checkbox">
        <div class="todo-item__content"><label class="todo-item__label">Title2</label>
          <div class="todo-item__controls"><button class="btn btn--delete" type="button"><svg class="svg-inline--fa fa-trash-can" aria-hidden="true" focusable="false" data-prefix="fas" data-icon="trash-can" role="img" xmlns="http://www.w3.org/2000/svg" viewBox="0 0 448 512">
                <path class="" fill="currentColor" d="M135.2 17.7C140.6 6.8 151.7 0 163.8 0H284.2c12.1 0 23.2 6.8 28.6 17.7L320 32h96c17.7 0 32 14.3 32 32s-14.3 32-32 32H32C14.3 96 0 81.7 0 64S14.3 32 32 32h96l7.2-14.3zM32 128H416V448c0 35.3-28.7 64-64 64H96c-35.3 0-64-28.7-64-64V128zm96 64c-8.8 0-16 7.2-16 16V432c0 8.8 7.2 16 16 16s16-7.2 16-16V208c0-8.8-7.2-16-16-16zm96 0c-8.8 0-16 7.2-16 16V432c0 8.8 7.2 16 16 16s16-7.2 16-16V208c0-8.8-7.2-16-16-16zm96 0c-8.8 0-16 7.2-16 16V432c0 8.8 7.2 16 16 16s16-7.2 16-16V208c0-8.8-7.2-16-16-16z"></path>
              </svg></button></div>
        </div>
      </div>
    </li>
  </ul><small>Выполнено задач: 1 из 2</small>
  <div><small> Исходный код:&nbsp; <a target="_blank" href="https://github.com/barnicolly/vue-todo-app"> https://github.com/barnicolly/vue-todo-app </a></small></div>
</div>
`;
